// Jest Snapshot v1, https://goo.gl/fbAQLP

exports[`Button test suits Render correctly 1`] = `
<View
  style={
    Object {
      "alignItems": "center",
      "width": "100%",
    }
  }
>
  <View
    animatedStyle={
      Object {
        "value": Object {
          "backgroundColor": "#FFFFFF",
          "width": "100%",
        },
      }
    }
    collapsable={false}
    style={
      Object {
        "backgroundColor": "#FFFFFF",
        "borderRadius": 22,
        "marginVertical": 5,
        "minWidth": 44,
        "width": "100%",
      }
    }
  >
    <View
      accessibilityLabel="btn"
      accessible={true}
      focusable={true}
      onClick={[Function]}
      onResponderGrant={[Function]}
      onResponderMove={[Function]}
      onResponderRelease={[Function]}
      onResponderTerminate={[Function]}
      onResponderTerminationRequest={[Function]}
      onStartShouldSetResponder={[Function]}
      style={
        Object {
          "alignItems": "center",
          "borderColor": "#00ADEE",
          "borderRadius": 22,
          "borderWidth": 1,
          "height": 44,
          "justifyContent": "center",
          "opacity": 1,
          "width": "100%",
        }
      }
    >
      <View
        animatedStyle={
          Object {
            "value": Object {
              "opacity": 1,
            },
          }
        }
        collapsable={false}
        style={
          Object {
            "opacity": 1,
          }
        }
      >
        <Text
          accessibilityLabel="btnTitle"
          style={
            Array [
              Object {
                "fontSize": 15,
              },
              Object {
                "color": "#00ADEE",
              },
            ]
          }
        >
          CLICK ME
        </Text>
      </View>
      <View
        animatedStyle={
          Object {
            "value": Object {
              "opacity": 0,
            },
          }
        }
        collapsable={false}
        style={
          Object {
            "opacity": 0,
            "position": "absolute",
          }
        }
      >
        <Image
          resizeMode="stretch"
          source={
            Object {
              "process": [Function],
            }
          }
          style={
            Object {
              "tintColor": "#FFFFFF",
            }
          }
        />
      </View>
    </View>
  </View>
</View>
`;
