// Jest Snapshot v1, https://goo.gl/fbAQLP

exports[`Button test suits Render correctly 1`] = `
<View
  accessibilityLabel="btn"
  accessible={true}
  focusable={true}
  onClick={[Function]}
  onResponderGrant={[Function]}
  onResponderMove={[Function]}
  onResponderRelease={[Function]}
  onResponderTerminate={[Function]}
  onResponderTerminationRequest={[Function]}
  onStartShouldSetResponder={[Function]}
  style={
    Object {
      "alignItems": "center",
      "backgroundColor": "#FFFFFF",
      "borderColor": "#00ADEE",
      "borderRadius": 22,
      "borderWidth": 1,
      "height": 44,
      "justifyContent": "center",
      "opacity": 1,
      "width": "100%",
    }
  }
>
  <Text
    accessibilityLabel="btnTitle"
    style={
      Array [
        Object {
          "fontSize": 15,
        },
        Object {
          "color": "#00ADEE",
        },
      ]
    }
  >
    CLICK ME
  </Text>
</View>
`;
